// Jest Snapshot v1, https://goo.gl/fbAQLP

exports[`LinkButton renders correctly 1`] = `
<View
  accessibilityComponentType={undefined}
  accessibilityLabel={undefined}
  accessibilityTraits={undefined}
  accessible={true}
  collapsable={undefined}
  hitSlop={undefined}
  isTVSelectable={true}
  nativeID={undefined}
  onLayout={[Function]}
  onResponderGrant={[Function]}
  onResponderMove={[Function]}
  onResponderRelease={[Function]}
  onResponderTerminate={[Function]}
  onResponderTerminationRequest={[Function]}
  onStartShouldSetResponder={[Function]}
  style={
    Object {
      "alignItems": "center",
      "backgroundColor": "#ffffff",
      "borderColor": "#ffffff",
      "borderRadius": 2,
      "borderWidth": 1,
      "flexDirection": "row",
      "justifyContent": "center",
      "opacity": 1,
      "paddingLeft": 15,
      "paddingRight": 5,
    }
  }
  testID={undefined}
  tvParallaxProperties={undefined}
>
  <Text
    accessible={true}
    allowFontScaling={true}
    disabled={false}
    ellipsizeMode="tail"
  >
    text
  </Text>
</View>
`;
